###############################################################################
#
# IAR ELF Linker V8.50.9.278/W32 for ARM                  02/Apr/2021  09:39:02
# Copyright 2007-2020 IAR Systems AB.
#
#    Output file  =
#        C:\Users\YJ병점\Documents\카카오톡 받은
#        파일\지금수정중인파일\EWARM\UART_Interrupt\Exe\UART_Interrupt.out
#    Map file     =
#        C:\Users\YJ병점\Documents\카카오톡 받은
#        파일\지금수정중인파일\EWARM\UART_Interrupt\List\UART_Interrupt.map
#    Command line =
#        -f C:\Users\YJ병점\AppData\Local\Temp\EWF803.tmp
#        ("C:\Users\YJ병점\Documents\카카오톡 받은
#        파일\지금수정중인파일\EWARM\UART_Interrupt\Obj\fonts.o"
#        "C:\Users\YJ병점\Documents\카카오톡 받은
#        파일\지금수정중인파일\EWARM\UART_Interrupt\Obj\main.o"
#        "C:\Users\YJ병점\Documents\카카오톡 받은
#        파일\지금수정중인파일\EWARM\UART_Interrupt\Obj\ssd1306.o"
#        "C:\Users\YJ병점\Documents\카카오톡 받은
#        파일\지금수정중인파일\EWARM\UART_Interrupt\Obj\startup_stm32g474xx.o"
#        "C:\Users\YJ병점\Documents\카카오톡 받은
#        파일\지금수정중인파일\EWARM\UART_Interrupt\Obj\stm32g4xx_hal.o"
#        "C:\Users\YJ병점\Documents\카카오톡 받은
#        파일\지금수정중인파일\EWARM\UART_Interrupt\Obj\stm32g4xx_hal_cortex.o"
#        "C:\Users\YJ병점\Documents\카카오톡 받은
#        파일\지금수정중인파일\EWARM\UART_Interrupt\Obj\stm32g4xx_hal_dma.o"
#        "C:\Users\YJ병점\Documents\카카오톡 받은
#        파일\지금수정중인파일\EWARM\UART_Interrupt\Obj\stm32g4xx_hal_dma_ex.o"
#        "C:\Users\YJ병점\Documents\카카오톡 받은
#        파일\지금수정중인파일\EWARM\UART_Interrupt\Obj\stm32g4xx_hal_exti.o"
#        "C:\Users\YJ병점\Documents\카카오톡 받은
#        파일\지금수정중인파일\EWARM\UART_Interrupt\Obj\stm32g4xx_hal_flash.o"
#        "C:\Users\YJ병점\Documents\카카오톡 받은
#        파일\지금수정중인파일\EWARM\UART_Interrupt\Obj\stm32g4xx_hal_flash_ex.o"
#        "C:\Users\YJ병점\Documents\카카오톡 받은
#        파일\지금수정중인파일\EWARM\UART_Interrupt\Obj\stm32g4xx_hal_flash_ramfunc.o"
#        "C:\Users\YJ병점\Documents\카카오톡 받은
#        파일\지금수정중인파일\EWARM\UART_Interrupt\Obj\stm32g4xx_hal_gpio.o"
#        "C:\Users\YJ병점\Documents\카카오톡 받은
#        파일\지금수정중인파일\EWARM\UART_Interrupt\Obj\stm32g4xx_hal_i2c.o"
#        "C:\Users\YJ병점\Documents\카카오톡 받은
#        파일\지금수정중인파일\EWARM\UART_Interrupt\Obj\stm32g4xx_hal_i2c_ex.o"
#        "C:\Users\YJ병점\Documents\카카오톡 받은
#        파일\지금수정중인파일\EWARM\UART_Interrupt\Obj\stm32g4xx_hal_msp.o"
#        "C:\Users\YJ병점\Documents\카카오톡 받은
#        파일\지금수정중인파일\EWARM\UART_Interrupt\Obj\stm32g4xx_hal_pwr.o"
#        "C:\Users\YJ병점\Documents\카카오톡 받은
#        파일\지금수정중인파일\EWARM\UART_Interrupt\Obj\stm32g4xx_hal_pwr_ex.o"
#        "C:\Users\YJ병점\Documents\카카오톡 받은
#        파일\지금수정중인파일\EWARM\UART_Interrupt\Obj\stm32g4xx_hal_rcc.o"
#        "C:\Users\YJ병점\Documents\카카오톡 받은
#        파일\지금수정중인파일\EWARM\UART_Interrupt\Obj\stm32g4xx_hal_rcc_ex.o"
#        "C:\Users\YJ병점\Documents\카카오톡 받은
#        파일\지금수정중인파일\EWARM\UART_Interrupt\Obj\stm32g4xx_hal_tim.o"
#        "C:\Users\YJ병점\Documents\카카오톡 받은
#        파일\지금수정중인파일\EWARM\UART_Interrupt\Obj\stm32g4xx_hal_tim_ex.o"
#        "C:\Users\YJ병점\Documents\카카오톡 받은
#        파일\지금수정중인파일\EWARM\UART_Interrupt\Obj\stm32g4xx_hal_uart.o"
#        "C:\Users\YJ병점\Documents\카카오톡 받은
#        파일\지금수정중인파일\EWARM\UART_Interrupt\Obj\stm32g4xx_hal_uart_ex.o"
#        "C:\Users\YJ병점\Documents\카카오톡 받은
#        파일\지금수정중인파일\EWARM\UART_Interrupt\Obj\stm32g4xx_it.o"
#        "C:\Users\YJ병점\Documents\카카오톡 받은
#        파일\지금수정중인파일\EWARM\UART_Interrupt\Obj\system_stm32g4xx.o"
#        "C:\Users\YJ병점\Documents\카카오톡 받은
#        파일\지금수정중인파일\EWARM\UART_Interrupt\Obj\Tetris.o"
#        --no_out_extension -o "C:\Users\YJ병점\Documents\카카오톡 받은
#        파일\지금수정중인파일\EWARM\UART_Interrupt\Exe\UART_Interrupt.out"
#        --redirect _Printf=_PrintfFullNoMb --redirect _Scanf=_ScanfFullNoMb
#        --map "C:\Users\YJ병점\Documents\카카오톡 받은
#        파일\지금수정중인파일\EWARM\UART_Interrupt\List\UART_Interrupt.map"
#        --config "C:\Users\YJ병점\Documents\카카오톡 받은
#        파일\지금수정중인파일\EWARM/stm32g474xx_flash.icf"
#        --semihosting --entry __iar_program_start --vfe --text_out locale)
#
###############################################################################

*******************************************************************************
*** RUNTIME MODEL ATTRIBUTES
***

CppFlavor       = *
__SystemLibrary = DLib
__dlib_version  = 6


*******************************************************************************
*** HEAP SELECTION
***

The basic heap was selected because some modules are built with
size limitations (and not runtime checking), and --advanced_heap
was not specified.


*******************************************************************************
*** PLACEMENT SUMMARY
***

"A0":  place at address 0x800'0000 { ro section .intvec };
"P1":  place in [from 0x800'0000 to 0x807'ffff] { ro };
define block CSTACK with size = 1K, alignment = 8 { };
define block HEAP with size = 512, alignment = 8 { };
"P2":  place in [from 0x2000'0000 to 0x2001'ffff] {
          rw, block CSTACK, block HEAP };
initialize by copy { rw };

  Section            Kind         Address    Size  Object
  -------            ----         -------    ----  ------
"A0":                                       0x1d8
  .intvec            ro code   0x800'0000   0x1d8  startup_stm32g474xx.o [1]
                             - 0x800'01d8   0x1d8

"P1":                                      0x52b7
  .text              ro code   0x800'01d8   0xd66  stm32g4xx_hal_i2c.o [1]
  .text              ro code   0x800'0f3e    0x3a  zero_init3.o [4]
  .text              ro code   0x800'0f78   0x200  stm32g4xx_hal_msp.o [1]
  .text              ro code   0x800'1178     0xc  stm32g4xx_hal.o [1]
  .text              ro code   0x800'1184   0x344  stm32g4xx_hal_dma.o [1]
  .text              ro code   0x800'14c8     0x2  stm32g4xx_hal_i2c.o [1]
  .text              ro code   0x800'14ca     0x2  stm32g4xx_hal_i2c.o [1]
  .text              ro code   0x800'14cc     0x2  stm32g4xx_hal_i2c.o [1]
  .text              ro code   0x800'14ce     0x2  stm32g4xx_hal_i2c.o [1]
  .text              ro code   0x800'14d0     0x2  stm32g4xx_hal_i2c.o [1]
  .text              ro code   0x800'14d2     0x2  stm32g4xx_hal_i2c.o [1]
  .text              ro code   0x800'14d4     0x2  stm32g4xx_hal_i2c.o [1]
  .text              ro code   0x800'14d6     0x2  stm32g4xx_hal_i2c.o [1]
  .text              ro code   0x800'14d8     0x2  stm32g4xx_hal_i2c.o [1]
  .text              ro code   0x800'14da     0x2  stm32g4xx_hal_i2c.o [1]
  .text              ro code   0x800'14dc    0xb0  stm32g4xx_hal_pwr_ex.o [1]
  .text              ro code   0x800'158c    0x14  memset.o [4]
  .text              ro code   0x800'15a0   0x1d6  stm32g4xx_hal_gpio.o [1]
  .text              ro code   0x800'1778   0x320  main.o [1]
  .text              ro code   0x800'1a98    0xc8  stm32g4xx_hal_cortex.o [1]
  .text              ro code   0x800'1b60    0x66  ABImemset.o [4]
  .text              ro code   0x800'1bc8    0x1e  stm32g4xx_hal.o [1]
  .text              ro code   0x800'1be8     0x6  ABImemclr4.o [4]
  .text              ro code   0x800'1bf0   0x9e4  stm32g4xx_hal_uart.o [1]
  .text              ro code   0x800'25d4   0x112  stm32g4xx_hal_uart_ex.o [1]
  .text              ro code   0x800'26e8    0x7e  stm32g4xx_hal_i2c_ex.o [1]
  .text              ro code   0x800'2768    0x18  ABImemcpy_small.o [4]
  .text              ro code   0x800'2780     0x4  time_trampoline.o [2]
  .text              ro code   0x800'2784    0xa4  rand.o [2]
  .text              ro code   0x800'2828   0x3b8  ssd1306.o [1]
  .text              ro code   0x800'2be0   0x464  Tetris.o [1]
  .text              ro code   0x800'3044    0x28  stm32g4xx_hal.o [1]
  .text              ro code   0x800'306c   0x62c  stm32g4xx_hal_rcc.o [1]
  .text              ro code   0x800'3698   0x28c  stm32g4xx_hal_rcc_ex.o [1]
  .text              ro code   0x800'3924    0x44  stm32g4xx_hal.o [1]
  .text              ro code   0x800'3968    0x3a  ABImemset48.o [4]
  .text              ro code   0x800'39a2     0x2  stm32g4xx_hal_uart.o [1]
  .text              ro code   0x800'39a4     0x2  stm32g4xx_hal_uart.o [1]
  .text              ro code   0x800'39a6     0x2  stm32g4xx_hal_uart_ex.o [1]
  .text              ro code   0x800'39a8     0x2  stm32g4xx_hal_uart_ex.o [1]
  .text              ro code   0x800'39ac   0x106  I64DivMod_small.o [4]
  .text              ro code   0x800'3ab2     0x2  stm32g4xx_hal_uart.o [1]
  .text              ro code   0x800'3ab4     0x2  stm32g4xx_hal_uart.o [1]
  .text              ro code   0x800'3ab6    0x12  time.o [5]
  .text              ro code   0x800'3ac8    0x14  strlen_small.o [4]
  .text              ro code   0x800'3adc     0x6  ABImemclr.o [4]
  .text              ro code   0x800'3ae4     0x2  I64DivZer.o [4]
  .rodata            const     0x800'3ae8   0xd5c  fonts.o [1]
  .rodata            const     0x800'4844   0x76c  fonts.o [1]
  .text              ro code   0x800'4fb0    0x78  lz77_init_single.o [4]
  .text              ro code   0x800'5028    0x54  stm32g4xx_it.o [1]
  .text              ro code   0x800'507c    0x10  stm32g4xx_hal.o [1]
  .rodata            const     0x800'508c    0x3c  Tetris.o [1]
  .text              ro code   0x800'50c8    0x2c  system_stm32g4xx.o [1]
  .text              ro code   0x800'50f4    0x28  data_init.o [4]
  .text              ro code   0x800'511c    0x22  fpinit_M.o [3]
  .iar.init_table    const     0x800'5140    0x20  - Linker created -
  .rodata            const     0x800'5160    0x20  fonts.o [1]
  .text              ro code   0x800'5180    0x1e  cmain.o [4]
  .text              ro code   0x800'519e     0x4  low_level_init.o [2]
  .text              ro code   0x800'51a2     0x4  exit.o [2]
  .text              ro code   0x800'51a8     0xa  cexit.o [4]
  .text              ro code   0x800'51b4    0x14  exit.o [5]
  .text              ro code   0x800'51c8    0x1c  cstartup_M.o [4]
  .text              ro code   0x800'51e4    0x10  startup_stm32g474xx.o [1]
  .rodata            const     0x800'51f4     0xc  Tetris.o [1]
  .rodata            const     0x800'5200     0xc  Tetris.o [1]
  .rodata            const     0x800'520c     0xc  Tetris.o [1]
  .rodata            const     0x800'5218     0x8  system_stm32g4xx.o [1]
  .rodata            const     0x800'5220     0x8  Tetris.o [1]
  .rodata            const     0x800'5228     0x8  Tetris.o [1]
  .text              ro code   0x800'5230     0x4  startup_stm32g474xx.o [1]
  .text              ro code   0x800'5234     0x4  startup_stm32g474xx.o [1]
  .text              ro code   0x800'5238     0x4  startup_stm32g474xx.o [1]
  .text              ro code   0x800'523c     0x4  startup_stm32g474xx.o [1]
  .text              ro code   0x800'5240     0x4  startup_stm32g474xx.o [1]
  .text              ro code   0x800'5244     0x4  startup_stm32g474xx.o [1]
  .text              ro code   0x800'5248     0x4  startup_stm32g474xx.o [1]
  .text              ro code   0x800'524c     0x4  startup_stm32g474xx.o [1]
  .text              ro code   0x800'5250     0x4  startup_stm32g474xx.o [1]
  .text              ro code   0x800'5254     0x4  startup_stm32g474xx.o [1]
  .text              ro code   0x800'5258     0x4  startup_stm32g474xx.o [1]
  .text              ro code   0x800'525c     0x4  startup_stm32g474xx.o [1]
  .text              ro code   0x800'5260     0x4  startup_stm32g474xx.o [1]
  .text              ro code   0x800'5264     0x4  startup_stm32g474xx.o [1]
  .text              ro code   0x800'5268     0x4  startup_stm32g474xx.o [1]
  .text              ro code   0x800'526c     0x4  startup_stm32g474xx.o [1]
  .text              ro code   0x800'5270     0x4  startup_stm32g474xx.o [1]
  .text              ro code   0x800'5274     0x4  startup_stm32g474xx.o [1]
  .text              ro code   0x800'5278     0x4  startup_stm32g474xx.o [1]
  .text              ro code   0x800'527c     0x4  startup_stm32g474xx.o [1]
  .text              ro code   0x800'5280     0x4  startup_stm32g474xx.o [1]
  .text              ro code   0x800'5284     0x4  startup_stm32g474xx.o [1]
  .text              ro code   0x800'5288     0x4  startup_stm32g474xx.o [1]
  .text              ro code   0x800'528c     0x4  startup_stm32g474xx.o [1]
  .text              ro code   0x800'5290     0x4  startup_stm32g474xx.o [1]
  .text              ro code   0x800'5294     0x4  startup_stm32g474xx.o [1]
  .text              ro code   0x800'5298     0x4  startup_stm32g474xx.o [1]
  .text              ro code   0x800'529c     0x4  startup_stm32g474xx.o [1]
  .text              ro code   0x800'52a0     0x4  startup_stm32g474xx.o [1]
  .text              ro code   0x800'52a4     0x4  startup_stm32g474xx.o [1]
  .text              ro code   0x800'52a8     0x4  startup_stm32g474xx.o [1]
  .text              ro code   0x800'52ac     0x4  startup_stm32g474xx.o [1]
  .text              ro code   0x800'52b0     0x4  startup_stm32g474xx.o [1]
  .text              ro code   0x800'52b4     0x4  startup_stm32g474xx.o [1]
  .text              ro code   0x800'52b8     0x4  startup_stm32g474xx.o [1]
  .text              ro code   0x800'52bc     0x4  startup_stm32g474xx.o [1]
  .text              ro code   0x800'52c0     0x4  startup_stm32g474xx.o [1]
  .text              ro code   0x800'52c4     0x4  startup_stm32g474xx.o [1]
  .text              ro code   0x800'52c8     0x4  startup_stm32g474xx.o [1]
  .text              ro code   0x800'52cc     0x4  startup_stm32g474xx.o [1]
  .text              ro code   0x800'52d0     0x4  startup_stm32g474xx.o [1]
  .text              ro code   0x800'52d4     0x4  startup_stm32g474xx.o [1]
  .text              ro code   0x800'52d8     0x4  startup_stm32g474xx.o [1]
  .text              ro code   0x800'52dc     0x4  startup_stm32g474xx.o [1]
  .text              ro code   0x800'52e0     0x4  startup_stm32g474xx.o [1]
  .text              ro code   0x800'52e4     0x4  startup_stm32g474xx.o [1]
  .text              ro code   0x800'52e8     0x4  startup_stm32g474xx.o [1]
  .text              ro code   0x800'52ec     0x4  startup_stm32g474xx.o [1]
  .text              ro code   0x800'52f0     0x4  startup_stm32g474xx.o [1]
  .text              ro code   0x800'52f4     0x4  startup_stm32g474xx.o [1]
  .text              ro code   0x800'52f8     0x4  startup_stm32g474xx.o [1]
  .text              ro code   0x800'52fc     0x4  startup_stm32g474xx.o [1]
  .text              ro code   0x800'5300     0x4  startup_stm32g474xx.o [1]
  .text              ro code   0x800'5304     0x4  startup_stm32g474xx.o [1]
  .text              ro code   0x800'5308     0x4  startup_stm32g474xx.o [1]
  .text              ro code   0x800'530c     0x4  startup_stm32g474xx.o [1]
  .text              ro code   0x800'5310     0x4  startup_stm32g474xx.o [1]
  .text              ro code   0x800'5314     0x4  startup_stm32g474xx.o [1]
  .text              ro code   0x800'5318     0x4  startup_stm32g474xx.o [1]
  .text              ro code   0x800'531c     0x4  startup_stm32g474xx.o [1]
  .text              ro code   0x800'5320     0x4  startup_stm32g474xx.o [1]
  .text              ro code   0x800'5324     0x4  startup_stm32g474xx.o [1]
  .text              ro code   0x800'5328     0x4  startup_stm32g474xx.o [1]
  .text              ro code   0x800'532c     0x4  startup_stm32g474xx.o [1]
  .text              ro code   0x800'5330     0x4  startup_stm32g474xx.o [1]
  .text              ro code   0x800'5334     0x4  startup_stm32g474xx.o [1]
  .text              ro code   0x800'5338     0x4  startup_stm32g474xx.o [1]
  .text              ro code   0x800'533c     0x4  startup_stm32g474xx.o [1]
  .text              ro code   0x800'5340     0x4  startup_stm32g474xx.o [1]
  .text              ro code   0x800'5344     0x4  startup_stm32g474xx.o [1]
  .text              ro code   0x800'5348     0x4  startup_stm32g474xx.o [1]
  .text              ro code   0x800'534c     0x4  startup_stm32g474xx.o [1]
  .text              ro code   0x800'5350     0x4  startup_stm32g474xx.o [1]
  .text              ro code   0x800'5354     0x4  startup_stm32g474xx.o [1]
  .text              ro code   0x800'5358     0x4  startup_stm32g474xx.o [1]
  .text              ro code   0x800'535c     0x4  startup_stm32g474xx.o [1]
  .text              ro code   0x800'5360     0x4  startup_stm32g474xx.o [1]
  .text              ro code   0x800'5364     0x4  startup_stm32g474xx.o [1]
  .text              ro code   0x800'5368     0x4  startup_stm32g474xx.o [1]
  .text              ro code   0x800'536c     0x4  startup_stm32g474xx.o [1]
  .text              ro code   0x800'5370     0x4  startup_stm32g474xx.o [1]
  .text              ro code   0x800'5374     0x4  startup_stm32g474xx.o [1]
  .text              ro code   0x800'5378     0x4  startup_stm32g474xx.o [1]
  .text              ro code   0x800'537c     0x4  startup_stm32g474xx.o [1]
  .text              ro code   0x800'5380     0x4  startup_stm32g474xx.o [1]
  .text              ro code   0x800'5384     0x4  startup_stm32g474xx.o [1]
  .text              ro code   0x800'5388     0x4  startup_stm32g474xx.o [1]
  .text              ro code   0x800'538c     0x4  startup_stm32g474xx.o [1]
  .text              ro code   0x800'5390     0x4  startup_stm32g474xx.o [1]
  .text              ro code   0x800'5394     0x4  startup_stm32g474xx.o [1]
  .text              ro code   0x800'5398     0x4  startup_stm32g474xx.o [1]
  .text              ro code   0x800'539c     0x4  startup_stm32g474xx.o [1]
  .text              ro code   0x800'53a0     0x4  startup_stm32g474xx.o [1]
  .rodata            const     0x800'53a4     0x0  zero_init3.o [4]
  .rodata            const     0x800'53a4     0x0  lz77_init_single.o [4]
  Initializer bytes  const     0x800'53a4    0xeb  <for P2-1>
                             - 0x800'548f  0x52b7

"P2", part 1 of 3:                          0x800
  P2-1                        0x2000'0000   0x800  <Init block>
    .data            inited   0x2000'0000     0x8  fonts.o [1]
    .data            inited   0x2000'0008     0x8  fonts.o [1]
    .data            inited   0x2000'0010     0x8  fonts.o [1]
    .data            inited   0x2000'0018    0x54  main.o [1]
    .data            inited   0x2000'006c     0xc  stm32g4xx_hal.o [1]
    .data            inited   0x2000'0078     0x4  system_stm32g4xx.o [1]
    .data            inited   0x2000'007c   0x700  Tetris.o [1]
    .data            inited   0x2000'077c    0x7c  Tetris.o [1]
    .data            inited   0x2000'07f8     0x8  rand.o [2]
                            - 0x2000'0800   0x800

"P2", part 2 of 3:                          0x7dc
  .bss               zero     0x2000'0800   0x400  ssd1306.o [1]
  .bss               zero     0x2000'0c00   0x1a4  Tetris.o [1]
  .bss               zero     0x2000'0da4    0x8c  main.o [1]
  .bss               zero     0x2000'0e30    0x84  rand.o [2]
  .bss               zero     0x2000'0eb4    0x60  main.o [1]
  .bss               zero     0x2000'0f14    0x60  main.o [1]
  .bss               zero     0x2000'0f74    0x60  main.o [1]
  .bss               zero     0x2000'0fd4     0x8  ssd1306.o [1]
                            - 0x2000'0fdc   0x7dc

"P2", part 3 of 3:                          0x400
  CSTACK                      0x2000'0fe0   0x400  <Block>
    CSTACK           uninit   0x2000'0fe0   0x400  <Block tail>
                            - 0x2000'13e0   0x400

Unused ranges:

         From           To      Size
         ----           --      ----
   0x800'548f   0x807'ffff  0x7'ab71
  0x2000'0fdc  0x2000'0fdf       0x4
  0x2000'13e0  0x2001'ffff  0x1'ec20


*******************************************************************************
*** INIT TABLE
***

          Address      Size
          -------      ----
Zero (__iar_zero_init3)
    1 destination range, total size 0x7dc:
          0x2000'0800  0x7dc

Copy/lz77 (__iar_lz77_init_single3)
    1 source range, total size 0xeb (11% of destination):
           0x800'53a4   0xeb
    1 destination range, total size 0x800:
          0x2000'0000  0x800



*******************************************************************************
*** MODULE SUMMARY
***

    Module                   ro code  ro data  rw data
    ------                   -------  -------  -------
command line/config:
    --------------------------------------------------
    Total:

C:\Users\YJ병점\Documents\카카오톡 받은 파일\지금수정중인파일\EWARM\UART_Interrupt\Obj: [1]
    Tetris.o                   1'124      332    2'336
    fonts.o                             5'354       24
    main.o                       800       10      512
    ssd1306.o                    952             1'032
    startup_stm32g474xx.o        860
    stm32g4xx_hal.o              166        1       12
    stm32g4xx_hal_cortex.o       200
    stm32g4xx_hal_dma.o          836
    stm32g4xx_hal_gpio.o         470
    stm32g4xx_hal_i2c.o        3'450
    stm32g4xx_hal_i2c_ex.o       126
    stm32g4xx_hal_msp.o          512
    stm32g4xx_hal_pwr_ex.o       176
    stm32g4xx_hal_rcc.o        1'580
    stm32g4xx_hal_rcc_ex.o       652
    stm32g4xx_hal_uart.o       2'540
    stm32g4xx_hal_uart_ex.o      278
    stm32g4xx_it.o                84
    system_stm32g4xx.o            44        9        4
    --------------------------------------------------
    Total:                    14'850    5'706    3'920

dl7M_tlf.a: [2]
    exit.o                         4
    low_level_init.o               4
    rand.o                       164        1      140
    time_trampoline.o              4
    --------------------------------------------------
    Total:                       176        1      140

m7M_tls.a: [3]
    fpinit_M.o                    34
    --------------------------------------------------
    Total:                        34

rt7M_tl.a: [4]
    ABImemclr.o                    6
    ABImemclr4.o                   6
    ABImemcpy_small.o             24
    ABImemset.o                  102
    ABImemset48.o                 58
    I64DivMod_small.o            262
    I64DivZer.o                    2
    cexit.o                       10
    cmain.o                       30
    cstartup_M.o                  28
    data_init.o                   40
    lz77_init_single.o           120
    memset.o                      20
    strlen_small.o                20
    zero_init3.o                  58
    --------------------------------------------------
    Total:                       786

shb_l.a: [5]
    exit.o                        20
    time.o                        18
    --------------------------------------------------
    Total:                        38

    Gaps                          20        4
    Linker created                         32    1'024
------------------------------------------------------
    Grand Total:              15'904    5'743    5'084


*******************************************************************************
*** ENTRY LIST
***

Entry                       Address   Size  Type      Object
-----                       -------   ----  ----      ------
.iar.init_table$$Base    0x800'5140          --   Gb  - Linker created -
.iar.init_table$$Limit   0x800'5160          --   Gb  - Linker created -
?main                    0x800'5181         Code  Gb  cmain.o [4]
AHBPrescTable            0x800'50e4   0x10  Data  Gb  system_stm32g4xx.o [1]
APBPrescTable            0x800'5218    0x8  Data  Gb  system_stm32g4xx.o [1]
BlockToGround            0x800'2e6f   0x66  Code  Gb  Tetris.o [1]
BusFault_Handler         0x800'502f    0x2  Code  Gb  stm32g4xx_it.o [1]
CSTACK$$Base            0x2000'0fe0          --   Gb  - Linker created -
CSTACK$$Limit           0x2000'13e0          --   Gb  - Linker created -
CheckCrash               0x800'2e19   0x56  Code  Gb  Tetris.o [1]
CreateRandomForm         0x800'2be1   0x20  Code  Gb  Tetris.o [1]
DMA1_Channel1_IRQHandler
                         0x800'503d    0x6  Code  Gb  stm32g4xx_it.o [1]
DMA1_Channel2_IRQHandler
                         0x800'5043    0x6  Code  Gb  stm32g4xx_it.o [1]
DMA1_Channel3_IRQHandler
                         0x800'5049    0x6  Code  Gb  stm32g4xx_it.o [1]
DMA_CalcDMAMUXChannelBaseAndMask
                         0x800'1453   0x36  Code  Lc  stm32g4xx_hal_dma.o [1]
DMA_CalcDMAMUXRequestGenBaseAndMask
                         0x800'1489   0x1c  Code  Lc  stm32g4xx_hal_dma.o [1]
DMA_SetConfig            0x800'141b   0x38  Code  Lc  stm32g4xx_hal_dma.o [1]
DebugMon_Handler         0x800'5035    0x2  Code  Gb  stm32g4xx_it.o [1]
DrawBlock                0x800'2d93   0x5c  Code  Gb  Tetris.o [1]
DrawMap                  0x800'2cb9   0x96  Code  Gb  Tetris.o [1]
DropBlock                0x800'2df9   0x20  Code  Gb  Tetris.o [1]
EXTI15_10_IRQHandler     0x800'505b    0x8  Code  Gb  stm32g4xx_it.o [1]
Error_Handler            0x800'1a7d    0x4  Code  Gb  main.o [1]
Font11x18                0x800'3ae8  0xd5c  Data  Gb  fonts.o [1]
Font7x10                 0x800'4844  0x76c  Data  Gb  fonts.o [1]
Font8x8                  0x800'5160   0x20  Data  Gb  fonts.o [1]
Font_11x18              0x2000'0010    0x8  Data  Gb  fonts.o [1]
Font_7x10               0x2000'0008    0x8  Data  Gb  fonts.o [1]
Font_8x8                0x2000'0000    0x8  Data  Gb  fonts.o [1]
Gameover                 0x800'2fd5   0x38  Code  Gb  Tetris.o [1]
HAL_DMA_Abort_IT         0x800'12d7   0x72  Code  Gb  stm32g4xx_hal_dma.o [1]
HAL_DMA_GetState         0x800'1415    0x6  Code  Gb  stm32g4xx_hal_dma.o [1]
HAL_DMA_IRQHandler       0x800'1353   0xb0  Code  Gb  stm32g4xx_hal_dma.o [1]
HAL_DMA_Init             0x800'1185   0x88  Code  Gb  stm32g4xx_hal_dma.o [1]
HAL_DMA_Start_IT         0x800'1259   0x7e  Code  Gb  stm32g4xx_hal_dma.o [1]
HAL_Delay                0x800'3045   0x28  Code  Wk  stm32g4xx_hal.o [1]
HAL_GPIO_EXTI_IRQHandler
                         0x800'1741   0x10  Code  Gb  stm32g4xx_hal_gpio.o [1]
HAL_GPIO_Init            0x800'15a1  0x196  Code  Gb  stm32g4xx_hal_gpio.o [1]
HAL_GPIO_WritePin        0x800'1737    0xa  Code  Gb  stm32g4xx_hal_gpio.o [1]
HAL_GetTick              0x800'1179    0xc  Code  Wk  stm32g4xx_hal.o [1]
HAL_I2CEx_ConfigAnalogFilter
                         0x800'26e9   0x2a  Code  Gb  stm32g4xx_hal_i2c_ex.o [1]
HAL_I2CEx_ConfigDigitalFilter
                         0x800'2713   0x26  Code  Gb  stm32g4xx_hal_i2c_ex.o [1]
HAL_I2C_ER_IRQHandler    0x800'03f9   0x60  Code  Gb  stm32g4xx_hal_i2c.o [1]
HAL_I2C_EV_IRQHandler    0x800'03e9   0x10  Code  Gb  stm32g4xx_hal_i2c.o [1]
HAL_I2C_GetState         0x800'0459    0x6  Code  Gb  stm32g4xx_hal_i2c.o [1]
HAL_I2C_Init             0x800'01d9   0xa0  Code  Gb  stm32g4xx_hal_i2c.o [1]
HAL_I2C_Mem_Write_DMA    0x800'0299   0x9c  Code  Gb  stm32g4xx_hal_i2c.o [1]
HAL_I2C_MspInit          0x800'0fa7   0xde  Code  Gb  stm32g4xx_hal_msp.o [1]
HAL_IncTick              0x800'507d   0x10  Code  Wk  stm32g4xx_hal.o [1]
HAL_Init                 0x800'1bc9   0x1e  Code  Gb  stm32g4xx_hal.o [1]
HAL_InitTick             0x800'3925   0x44  Code  Wk  stm32g4xx_hal.o [1]
HAL_MspInit              0x800'0f79   0x2e  Code  Gb  stm32g4xx_hal_msp.o [1]
HAL_NVIC_EnableIRQ       0x800'1b09   0x16  Code  Gb  stm32g4xx_hal_cortex.o [1]
HAL_NVIC_SetPriority     0x800'1acd   0x3a  Code  Gb  stm32g4xx_hal_cortex.o [1]
HAL_NVIC_SetPriorityGrouping
                         0x800'1ab3   0x1a  Code  Gb  stm32g4xx_hal_cortex.o [1]
HAL_PWREx_ControlVoltageScaling
                         0x800'14dd   0x52  Code  Gb  stm32g4xx_hal_pwr_ex.o [1]
HAL_PWREx_DisableUCPDDeadBattery
                         0x800'156b    0x2  Code  Gb  stm32g4xx_hal_pwr_ex.o [1]
HAL_RCCEx_PeriphCLKConfig
                         0x800'3699  0x264  Code  Gb  stm32g4xx_hal_rcc_ex.o [1]
HAL_RCC_ClockConfig      0x800'342f  0x196  Code  Gb  stm32g4xx_hal_rcc.o [1]
HAL_RCC_GetPCLK1Freq     0x800'3639   0x10  Code  Gb  stm32g4xx_hal_rcc.o [1]
HAL_RCC_GetPCLK2Freq     0x800'3649    0xe  Code  Gb  stm32g4xx_hal_rcc.o [1]
HAL_RCC_GetSysClockFreq
                         0x800'35db   0x5e  Code  Gb  stm32g4xx_hal_rcc.o [1]
HAL_RCC_OscConfig        0x800'306d  0x3a6  Code  Gb  stm32g4xx_hal_rcc.o [1]
HAL_SYSTICK_Config       0x800'1b1f   0x28  Code  Gb  stm32g4xx_hal_cortex.o [1]
HAL_UARTEx_DisableFifoMode
                         0x800'25d5   0x3c  Code  Gb  stm32g4xx_hal_uart_ex.o [1]
HAL_UARTEx_RxFifoFullCallback
                         0x800'39a9    0x2  Code  Wk  stm32g4xx_hal_uart_ex.o [1]
HAL_UARTEx_SetRxFifoThreshold
                         0x800'2627   0x14  Code  Gb  stm32g4xx_hal_uart_ex.o [1]
HAL_UARTEx_SetTxFifoThreshold
                         0x800'2611   0x16  Code  Gb  stm32g4xx_hal_uart_ex.o [1]
HAL_UARTEx_TxFifoEmptyCallback
                         0x800'39a7    0x2  Code  Wk  stm32g4xx_hal_uart_ex.o [1]
HAL_UARTEx_WakeupCallback
                         0x800'26e5    0x2  Code  Wk  stm32g4xx_hal_uart_ex.o [1]
HAL_UART_IRQHandler      0x800'1e55  0x1c8  Code  Gb  stm32g4xx_hal_uart.o [1]
HAL_UART_Init            0x800'1bf1   0x30  Code  Gb  stm32g4xx_hal_uart.o [1]
HAL_UART_MspInit         0x800'1085   0xbc  Code  Gb  stm32g4xx_hal_msp.o [1]
HAL_UART_Receive_DMA     0x800'1dab   0x8e  Code  Gb  stm32g4xx_hal_uart.o [1]
HAL_UART_RxCpltCallback
                         0x800'1a1f   0x38  Code  Gb  main.o [1]
HAL_UART_Transmit        0x800'1c71   0xb8  Code  Gb  stm32g4xx_hal_uart.o [1]
HAL_UART_Transmit_DMA    0x800'1d29   0x82  Code  Gb  stm32g4xx_hal_uart.o [1]
HardFault_Handler        0x800'502b    0x2  Code  Gb  stm32g4xx_it.o [1]
I2C1_ER_IRQHandler       0x800'5055    0x6  Code  Gb  stm32g4xx_it.o [1]
I2C1_EV_IRQHandler       0x800'504f    0x6  Code  Gb  stm32g4xx_it.o [1]
I2C_DMAAbort             0x800'0d19   0x14  Code  Lc  stm32g4xx_hal_i2c.o [1]
I2C_DMAError             0x800'0d01    0xe  Code  Lc  stm32g4xx_hal_i2c.o [1]
I2C_DMAMasterTransmitCplt
                         0x800'0cb3   0x38  Code  Lc  stm32g4xx_hal_i2c.o [1]
I2C_Disable_IRQ          0x800'0ee1   0x5e  Code  Lc  stm32g4xx_hal_i2c.o [1]
I2C_Enable_IRQ           0x800'0e65   0x5e  Code  Lc  stm32g4xx_hal_i2c.o [1]
I2C_Flush_TXDR           0x800'0c97   0x1c  Code  Lc  stm32g4xx_hal_i2c.o [1]
I2C_ITAddrCplt           0x800'07e5   0x90  Code  Lc  stm32g4xx_hal_i2c.o [1]
I2C_ITError              0x800'0ba3   0xd2  Code  Lc  stm32g4xx_hal_i2c.o [1]
I2C_ITListenCplt         0x800'0b3f   0x58  Code  Lc  stm32g4xx_hal_i2c.o [1]
I2C_ITMasterCplt         0x800'0935   0xba  Code  Lc  stm32g4xx_hal_i2c.o [1]
I2C_ITMasterSeqCplt      0x800'0875   0x50  Code  Lc  stm32g4xx_hal_i2c.o [1]
I2C_ITSlaveCplt          0x800'0a0b  0x11c  Code  Lc  stm32g4xx_hal_i2c.o [1]
I2C_ITSlaveSeqCplt       0x800'08c5   0x66  Code  Lc  stm32g4xx_hal_i2c.o [1]
I2C_IsAcknowledgeFailed
                         0x800'0dd1   0x6c  Code  Lc  stm32g4xx_hal_i2c.o [1]
I2C_Master_ISR_DMA       0x800'0581  0x102  Code  Lc  stm32g4xx_hal_i2c.o [1]
I2C_RequestMemoryWrite   0x800'077f   0x36  Code  Lc  stm32g4xx_hal_i2c.o [1]
I2C_Slave_ISR_DMA        0x800'0685   0xfa  Code  Lc  stm32g4xx_hal_i2c.o [1]
I2C_Slave_ISR_IT         0x800'0461  0x120  Code  Lc  stm32g4xx_hal_i2c.o [1]
I2C_TransferConfig       0x800'0e3d   0x22  Code  Lc  stm32g4xx_hal_i2c.o [1]
I2C_TreatErrorCallback   0x800'0c75   0x22  Code  Lc  stm32g4xx_hal_i2c.o [1]
I2C_WaitOnFlagUntilTimeout
                         0x800'0d2d   0x42  Code  Lc  stm32g4xx_hal_i2c.o [1]
I2C_WaitOnTXISFlagUntilTimeout
                         0x800'0d6f   0x38  Code  Lc  stm32g4xx_hal_i2c.o [1]
KeyState                0x2000'0018    0x1  Data  Gb  main.o [1]
LPUART1_IRQHandler       0x800'5063    0x6  Code  Gb  stm32g4xx_it.o [1]
MemManage_Handler        0x800'502d    0x2  Code  Gb  stm32g4xx_it.o [1]
NMI_Handler              0x800'5029    0x2  Code  Gb  stm32g4xx_it.o [1]
PendSV_Handler           0x800'5037    0x2  Code  Gb  stm32g4xx_it.o [1]
PrintScreen              0x800'2c01   0xb8  Code  Gb  Tetris.o [1]
Region$$Table$$Base      0x800'5140          --   Gb  - Linker created -
Region$$Table$$Limit     0x800'5160          --   Gb  - Linker created -
RemoveLine               0x800'2ed5   0x72  Code  Gb  Tetris.o [1]
SSD1306                 0x2000'0fd4    0x8  Data  Lc  ssd1306.o [1]
SSD1306_Buffer          0x2000'0800  0x400  Data  Lc  ssd1306.o [1]
SSD1306_DrawLine         0x800'2ac3  0x100  Code  Gb  ssd1306.o [1]
SSD1306_DrawPixel        0x800'2975   0x38  Code  Gb  ssd1306.o [1]
SSD1306_Fill             0x800'2961   0x14  Code  Gb  ssd1306.o [1]
SSD1306_GotoXY           0x800'29c3    0xa  Code  Gb  ssd1306.o [1]
SSD1306_Init             0x800'2855   0xc2  Code  Gb  ssd1306.o [1]
SSD1306_Putc             0x800'29cd   0x7c  Code  Gb  ssd1306.o [1]
SSD1306_Screen           0x800'2a4f   0x64  Code  Gb  ssd1306.o [1]
SSD1306_UpdateScreen     0x800'2917   0x46  Code  Gb  ssd1306.o [1]
SSD1306_WRITECOMMAND     0x800'2829   0x28  Code  Lc  ssd1306.o [1]
SVC_Handler              0x800'5033    0x2  Code  Gb  stm32g4xx_it.o [1]
SysTick_Handler          0x800'5039    0x4  Code  Gb  stm32g4xx_it.o [1]
SystemClock_Config       0x800'198f   0x8a  Code  Gb  main.o [1]
SystemCoreClock         0x2000'0078    0x4  Data  Gb  system_stm32g4xx.o [1]
SystemInit               0x800'50c9   0x14  Code  Gb  system_stm32g4xx.o [1]
UARTEx_SetNbDataToProcess
                         0x800'267d   0x56  Code  Lc  stm32g4xx_hal_uart_ex.o [1]
UARTPrescTable           0x800'25bc   0x18  Data  Gb  stm32g4xx_hal_uart.o [1]
UART_AdvFeatureConfig    0x800'22cd   0xc6  Code  Gb  stm32g4xx_hal_uart.o [1]
UART_CheckIdleState      0x800'2393   0x5a  Code  Gb  stm32g4xx_hal_uart.o [1]
UART_DMAAbortOnError     0x800'2579   0x10  Code  Lc  stm32g4xx_hal_uart.o [1]
UART_DMAError            0x800'2529   0x4e  Code  Lc  stm32g4xx_hal_uart.o [1]
UART_DMAReceiveCplt      0x800'24e9   0x3a  Code  Lc  stm32g4xx_hal_uart.o [1]
UART_DMARxHalfCplt       0x800'2523    0x6  Code  Lc  stm32g4xx_hal_uart.o [1]
UART_DMATransmitCplt     0x800'24b5   0x24  Code  Lc  stm32g4xx_hal_uart.o [1]
UART_DMATxHalfCplt       0x800'24e3    0x6  Code  Lc  stm32g4xx_hal_uart.o [1]
UART_EndRxTransfer       0x800'248f   0x20  Code  Lc  stm32g4xx_hal_uart.o [1]
UART_EndTxTransfer       0x800'2473   0x1c  Code  Lc  stm32g4xx_hal_uart.o [1]
UART_SetConfig           0x800'2029  0x290  Code  Gb  stm32g4xx_hal_uart.o [1]
UART_WaitOnFlagUntilTimeout
                         0x800'23ed   0x66  Code  Gb  stm32g4xx_hal_uart.o [1]
USART1_IRQHandler        0x800'1a19    0x6  Code  Gb  main.o [1]
UsageFault_Handler       0x800'5031    0x2  Code  Gb  stm32g4xx_it.o [1]
_Rand_idx               0x2000'0eb0    0x4  Data  Lc  rand.o [2]
_Rand_rv                0x2000'0e30   0x80  Data  Lc  rand.o [2]
_Randinit               0x2000'07f8    0x1  Data  Gb  rand.o [2]
_Randseed               0x2000'07fc    0x4  Data  Gb  rand.o [2]
__NVIC_SetPriority       0x800'1a99   0x1a  Code  Lc  stm32g4xx_hal_cortex.o [1]
__aeabi_ldiv0            0x800'3ae5         Code  Gb  I64DivZer.o [4]
__aeabi_memclr           0x800'3add         Code  Gb  ABImemclr.o [4]
__aeabi_memclr4          0x800'1be9         Code  Gb  ABImemclr4.o [4]
__aeabi_memset           0x800'1b61         Code  Gb  ABImemset.o [4]
__aeabi_memset4          0x800'3969         Code  Gb  ABImemset48.o [4]
__aeabi_memset8          0x800'3969         Code  Gb  ABImemset48.o [4]
__cmain                  0x800'5181         Code  Gb  cmain.o [4]
__exit                   0x800'51b5   0x14  Code  Gb  exit.o [5]
__iar_Memset             0x800'1b61         Code  Gb  ABImemset.o [4]
__iar_Memset4_word       0x800'3971         Code  Gb  ABImemset48.o [4]
__iar_Memset8_word       0x800'3971         Code  Gb  ABImemset48.o [4]
__iar_Memset_word        0x800'1b69         Code  Gb  ABImemset.o [4]
__iar_data_init3         0x800'50f5   0x28  Code  Gb  data_init.o [4]
__iar_init_vfp           0x800'511d         Code  Gb  fpinit_M.o [3]
__iar_lz77_init_single3
                         0x800'4fb1   0x78  Code  Gb  lz77_init_single.o [4]
__iar_program_start      0x800'51c9         Code  Gb  cstartup_M.o [4]
__iar_small_Memcpy       0x800'276d         Code  Gb  ABImemcpy_small.o [4]
__iar_small_memcpy       0x800'2769         Code  Gb  ABImemcpy_small.o [4]
__iar_small_memcpy4      0x800'2769         Code  Gb  ABImemcpy_small.o [4]
__iar_small_memcpy8      0x800'2769         Code  Gb  ABImemcpy_small.o [4]
__iar_small_strlen       0x800'3ac9         Code  Gb  strlen_small.o [4]
__iar_small_uldivmod     0x800'39ad         Code  Gb  I64DivMod_small.o [4]
__iar_zero_init3         0x800'0f3f   0x3a  Code  Gb  zero_init3.o [4]
__low_level_init         0x800'519f    0x4  Code  Gb  low_level_init.o [2]
__time32                 0x800'3ab7   0x12  Code  Gb  time.o [5]
__vector_table           0x800'0000         Data  Gb  startup_stm32g474xx.o [1]
_call_main               0x800'518d         Code  Gb  cmain.o [4]
_exit                    0x800'51a9         Code  Gb  cexit.o [4]
_main                    0x800'5197         Code  Gb  cmain.o [4]
beforePosition_X        0x2000'07e0    0x4  Data  Gb  Tetris.o [1]
beforePosition_Y        0x2000'07e4    0x4  Data  Gb  Tetris.o [1]
block                   0x2000'007c  0x700  Data  Gb  Tetris.o [1]
blockCnt                0x2000'07f0    0x4  Data  Gb  Tetris.o [1]
blockForm               0x2000'07cc    0x4  Data  Gb  Tetris.o [1]
blockRotation           0x2000'07d0    0x4  Data  Gb  Tetris.o [1]
block_target            0x2000'07e8    0x4  Data  Gb  Tetris.o [1]
currentPosition_X       0x2000'07d8    0x4  Data  Gb  Tetris.o [1]
currentPosition_Y       0x2000'07dc    0x4  Data  Gb  Tetris.o [1]
currentTick             0x2000'07d4    0x4  Data  Gb  Tetris.o [1]
endTextOut              0x2000'07bc   0x10  Data  Gb  Tetris.o [1]
exit                     0x800'51a3    0x4  Code  Gb  exit.o [2]
flag                    0x2000'0068    0x4  Data  Gb  main.o [1]
gameoverCnt             0x2000'07ec    0x4  Data  Gb  Tetris.o [1]
hdma_i2c1_tx            0x2000'0eb4   0x60  Data  Gb  main.o [1]
hdma_lpuart1_rx         0x2000'0f14   0x60  Data  Gb  main.o [1]
hdma_lpuart1_tx         0x2000'0f74   0x60  Data  Gb  main.o [1]
hi2c1                   0x2000'001c   0x4c  Data  Gb  main.o [1]
hlpuart1                0x2000'0da4   0x8c  Data  Gb  main.o [1]
keyProcess               0x800'2f47   0x8e  Code  Gb  Tetris.o [1]
main                     0x800'1779  0x216  Code  Gb  main.o [1]
map                     0x2000'0c00  0x1a4  Data  Gb  Tetris.o [1]
memset                   0x800'158d   0x14  Code  Gb  memset.o [4]
rand                     0x800'2785   0x8a  Code  Gb  rand.o [2]
rx_buff                 0x2000'0019    0x1  Data  Gb  main.o [1]
score                   0x2000'07f4    0x4  Data  Gb  Tetris.o [1]
srand                    0x800'280f    0xa  Code  Gb  rand.o [2]
textOut                 0x2000'077c   0x40  Data  Gb  Tetris.o [1]
time                     0x800'2781    0x4  Code  Gb  time_trampoline.o [2]
tx_buff                 0x2000'001a    0x1  Data  Gb  main.o [1]
uwTick                  0x2000'006c    0x4  Data  Gb  stm32g4xx_hal.o [1]
uwTickFreq              0x2000'0074    0x4  Data  Gb  stm32g4xx_hal.o [1]
uwTickPrio              0x2000'0070    0x4  Data  Gb  stm32g4xx_hal.o [1]
virtualCoord_X           0x800'508c   0x3c  Data  Gb  Tetris.o [1]
virtualCoord_Y           0x800'3028   0x1c  Data  Gb  Tetris.o [1]


[1] = C:\Users\YJ병점\Documents\카카오톡 받은 파일\지금수정중인파일\EWARM\UART_Interrupt\Obj
[2] = dl7M_tlf.a
[3] = m7M_tls.a
[4] = rt7M_tl.a
[5] = shb_l.a

  15'904 bytes of readonly  code memory
   5'743 bytes of readonly  data memory
   5'084 bytes of readwrite data memory

Errors: none
Warnings: none
