###############################################################################
#
# IAR ELF Linker V8.50.9.278/W32 for ARM                  03/Mar/2021  18:00:35
# Copyright 2007-2020 IAR Systems AB.
#
#    Output file  =
#        C:\Users\YJ병점\Downloads\STM32_UART_Interrupt-master\EWARM\UART_Interrupt\Exe\UART_Interrupt.out
#    Map file     =
#        C:\Users\YJ병점\Downloads\STM32_UART_Interrupt-master\EWARM\UART_Interrupt\List\UART_Interrupt.map
#    Command line =
#        -f C:\Users\YJ병점\AppData\Local\Temp\EW8733.tmp
#        (C:\Users\YJ병점\Downloads\STM32_UART_Interrupt-master\EWARM\UART_Interrupt\Obj\fonts.o
#        C:\Users\YJ병점\Downloads\STM32_UART_Interrupt-master\EWARM\UART_Interrupt\Obj\main.o
#        C:\Users\YJ병점\Downloads\STM32_UART_Interrupt-master\EWARM\UART_Interrupt\Obj\ssd1306.o
#        C:\Users\YJ병점\Downloads\STM32_UART_Interrupt-master\EWARM\UART_Interrupt\Obj\startup_stm32g474xx.o
#        C:\Users\YJ병점\Downloads\STM32_UART_Interrupt-master\EWARM\UART_Interrupt\Obj\stm32g4xx_hal.o
#        C:\Users\YJ병점\Downloads\STM32_UART_Interrupt-master\EWARM\UART_Interrupt\Obj\stm32g4xx_hal_cortex.o
#        C:\Users\YJ병점\Downloads\STM32_UART_Interrupt-master\EWARM\UART_Interrupt\Obj\stm32g4xx_hal_dma.o
#        C:\Users\YJ병점\Downloads\STM32_UART_Interrupt-master\EWARM\UART_Interrupt\Obj\stm32g4xx_hal_dma_ex.o
#        C:\Users\YJ병점\Downloads\STM32_UART_Interrupt-master\EWARM\UART_Interrupt\Obj\stm32g4xx_hal_exti.o
#        C:\Users\YJ병점\Downloads\STM32_UART_Interrupt-master\EWARM\UART_Interrupt\Obj\stm32g4xx_hal_flash.o
#        C:\Users\YJ병점\Downloads\STM32_UART_Interrupt-master\EWARM\UART_Interrupt\Obj\stm32g4xx_hal_flash_ex.o
#        C:\Users\YJ병점\Downloads\STM32_UART_Interrupt-master\EWARM\UART_Interrupt\Obj\stm32g4xx_hal_flash_ramfunc.o
#        C:\Users\YJ병점\Downloads\STM32_UART_Interrupt-master\EWARM\UART_Interrupt\Obj\stm32g4xx_hal_gpio.o
#        C:\Users\YJ병점\Downloads\STM32_UART_Interrupt-master\EWARM\UART_Interrupt\Obj\stm32g4xx_hal_i2c.o
#        C:\Users\YJ병점\Downloads\STM32_UART_Interrupt-master\EWARM\UART_Interrupt\Obj\stm32g4xx_hal_i2c_ex.o
#        C:\Users\YJ병점\Downloads\STM32_UART_Interrupt-master\EWARM\UART_Interrupt\Obj\stm32g4xx_hal_msp.o
#        C:\Users\YJ병점\Downloads\STM32_UART_Interrupt-master\EWARM\UART_Interrupt\Obj\stm32g4xx_hal_pwr.o
#        C:\Users\YJ병점\Downloads\STM32_UART_Interrupt-master\EWARM\UART_Interrupt\Obj\stm32g4xx_hal_pwr_ex.o
#        C:\Users\YJ병점\Downloads\STM32_UART_Interrupt-master\EWARM\UART_Interrupt\Obj\stm32g4xx_hal_rcc.o
#        C:\Users\YJ병점\Downloads\STM32_UART_Interrupt-master\EWARM\UART_Interrupt\Obj\stm32g4xx_hal_rcc_ex.o
#        C:\Users\YJ병점\Downloads\STM32_UART_Interrupt-master\EWARM\UART_Interrupt\Obj\stm32g4xx_hal_tim.o
#        C:\Users\YJ병점\Downloads\STM32_UART_Interrupt-master\EWARM\UART_Interrupt\Obj\stm32g4xx_hal_tim_ex.o
#        C:\Users\YJ병점\Downloads\STM32_UART_Interrupt-master\EWARM\UART_Interrupt\Obj\stm32g4xx_hal_uart.o
#        C:\Users\YJ병점\Downloads\STM32_UART_Interrupt-master\EWARM\UART_Interrupt\Obj\stm32g4xx_hal_uart_ex.o
#        C:\Users\YJ병점\Downloads\STM32_UART_Interrupt-master\EWARM\UART_Interrupt\Obj\stm32g4xx_it.o
#        C:\Users\YJ병점\Downloads\STM32_UART_Interrupt-master\EWARM\UART_Interrupt\Obj\system_stm32g4xx.o
#        --no_out_extension -o
#        C:\Users\YJ병점\Downloads\STM32_UART_Interrupt-master\EWARM\UART_Interrupt\Exe\UART_Interrupt.out
#        --redirect _Printf=_PrintfFullNoMb --redirect _Scanf=_ScanfFullNoMb
#        --map
#        C:\Users\YJ병점\Downloads\STM32_UART_Interrupt-master\EWARM\UART_Interrupt\List\UART_Interrupt.map
#        --config
#        C:\Users\YJ병점\Downloads\STM32_UART_Interrupt-master\EWARM/stm32g474xx_flash.icf
#        --semihosting --entry __iar_program_start --vfe --text_out locale)
#
###############################################################################

*******************************************************************************
*** RUNTIME MODEL ATTRIBUTES
***

CppFlavor       = *
__SystemLibrary = DLib
__dlib_version  = 6


*******************************************************************************
*** HEAP SELECTION
***

The basic heap was selected because some modules are built with
size limitations (and not runtime checking), and --advanced_heap
was not specified.


*******************************************************************************
*** PLACEMENT SUMMARY
***

"A0":  place at address 0x800'0000 { ro section .intvec };
"P1":  place in [from 0x800'0000 to 0x807'ffff] { ro };
define block CSTACK with size = 1K, alignment = 8 { };
define block HEAP with size = 512, alignment = 8 { };
"P2":  place in [from 0x2000'0000 to 0x2001'ffff] {
          rw, block CSTACK, block HEAP };
initialize by copy { rw };

  Section            Kind         Address    Size  Object
  -------            ----         -------    ----  ------
"A0":                                       0x1d8
  .intvec            ro code   0x800'0000   0x1d8  startup_stm32g474xx.o [1]
                             - 0x800'01d8   0x1d8

"P1":                                      0x45d6
  .rodata            const     0x800'01d8   0xd5c  fonts.o [1]
  .text              ro code   0x800'0f34   0xa68  stm32g4xx_hal_uart.o [1]
  .text              ro code   0x800'199c   0x140  stm32g4xx_hal_msp.o [1]
  .text              ro code   0x800'1adc     0xc  stm32g4xx_hal.o [1]
  .text              ro code   0x800'1ae8    0x72  stm32g4xx_hal_dma.o [1]
  .text              ro code   0x800'1b5a     0x2  stm32g4xx_hal_uart.o [1]
  .text              ro code   0x800'1b5c   0x112  stm32g4xx_hal_uart_ex.o [1]
  .text              ro code   0x800'1c6e     0x2  stm32g4xx_hal_uart.o [1]
  .text              ro code   0x800'1c70     0x2  stm32g4xx_hal_uart_ex.o [1]
  .text              ro code   0x800'1c72     0x2  stm32g4xx_hal_uart_ex.o [1]
  .text              ro code   0x800'1c74   0x62c  stm32g4xx_hal_rcc.o [1]
  .text              ro code   0x800'22a0   0x106  I64DivMod_small.o [4]
  .text              ro code   0x800'23a6    0x3a  zero_init3.o [4]
  .text              ro code   0x800'23e0   0x7ac  main.o [1]
  .text              ro code   0x800'2b8c    0xb0  stm32g4xx_hal_pwr_ex.o [1]
  .text              ro code   0x800'2c3c    0x14  memset.o [4]
  .text              ro code   0x800'2c50   0x1d6  stm32g4xx_hal_gpio.o [1]
  .text              ro code   0x800'2e28    0xc8  stm32g4xx_hal_cortex.o [1]
  .text              ro code   0x800'2ef0    0x44  stm32g4xx_hal.o [1]
  .text              ro code   0x800'2f34     0x2  I64DivZer.o [4]
  .text              ro code   0x800'2f38    0x1e  stm32g4xx_hal.o [1]
  .text              ro code   0x800'2f58     0x6  ABImemclr4.o [4]
  .text              ro code   0x800'2f60   0x418  stm32g4xx_hal_i2c.o [1]
  .text              ro code   0x800'3378    0x7e  stm32g4xx_hal_i2c_ex.o [1]
  .text              ro code   0x800'33f8    0x18  ABImemcpy_small.o [4]
  .text              ro code   0x800'3410     0x4  time_trampoline.o [2]
  .text              ro code   0x800'3414    0xa4  rand.o [2]
  .text              ro code   0x800'34b8   0x3ac  ssd1306.o [1]
  .text              ro code   0x800'3864    0x28  stm32g4xx_hal.o [1]
  .text              ro code   0x800'388c   0x28c  stm32g4xx_hal_rcc_ex.o [1]
  .text              ro code   0x800'3b18     0x6  ABImemclr.o [4]
  .text              ro code   0x800'3b20    0x66  ABImemset.o [4]
  .text              ro code   0x800'3b88    0x3a  ABImemset48.o [4]
  .text              ro code   0x800'3bc2    0x12  time.o [5]
  .rodata            const     0x800'3bd4   0x76c  fonts.o [1]
  .text              ro code   0x800'4340    0x78  lz77_init_single.o [4]
  .text              ro code   0x800'43b8    0x2c  system_stm32g4xx.o [1]
  .text              ro code   0x800'43e4    0x28  stm32g4xx_it.o [1]
  .text              ro code   0x800'440c    0x10  stm32g4xx_hal.o [1]
  .text              ro code   0x800'441c    0x28  data_init.o [4]
  .text              ro code   0x800'4444    0x22  fpinit_M.o [3]
  .iar.init_table    const     0x800'4468    0x20  - Linker created -
  .rodata            const     0x800'4488    0x20  fonts.o [1]
  .text              ro code   0x800'44a8    0x1e  cmain.o [4]
  .text              ro code   0x800'44c6     0x4  low_level_init.o [2]
  .text              ro code   0x800'44ca     0x4  exit.o [2]
  .text              ro code   0x800'44d0     0xa  cexit.o [4]
  .text              ro code   0x800'44dc    0x14  exit.o [5]
  .text              ro code   0x800'44f0    0x1c  cstartup_M.o [4]
  .text              ro code   0x800'450c    0x10  startup_stm32g474xx.o [1]
  .rodata            const     0x800'451c     0x8  system_stm32g4xx.o [1]
  .text              ro code   0x800'4524     0x4  startup_stm32g474xx.o [1]
  .text              ro code   0x800'4528     0x4  startup_stm32g474xx.o [1]
  .text              ro code   0x800'452c     0x4  startup_stm32g474xx.o [1]
  .text              ro code   0x800'4530     0x4  startup_stm32g474xx.o [1]
  .text              ro code   0x800'4534     0x4  startup_stm32g474xx.o [1]
  .text              ro code   0x800'4538     0x4  startup_stm32g474xx.o [1]
  .text              ro code   0x800'453c     0x4  startup_stm32g474xx.o [1]
  .text              ro code   0x800'4540     0x4  startup_stm32g474xx.o [1]
  .text              ro code   0x800'4544     0x4  startup_stm32g474xx.o [1]
  .text              ro code   0x800'4548     0x4  startup_stm32g474xx.o [1]
  .text              ro code   0x800'454c     0x4  startup_stm32g474xx.o [1]
  .text              ro code   0x800'4550     0x4  startup_stm32g474xx.o [1]
  .text              ro code   0x800'4554     0x4  startup_stm32g474xx.o [1]
  .text              ro code   0x800'4558     0x4  startup_stm32g474xx.o [1]
  .text              ro code   0x800'455c     0x4  startup_stm32g474xx.o [1]
  .text              ro code   0x800'4560     0x4  startup_stm32g474xx.o [1]
  .text              ro code   0x800'4564     0x4  startup_stm32g474xx.o [1]
  .text              ro code   0x800'4568     0x4  startup_stm32g474xx.o [1]
  .text              ro code   0x800'456c     0x4  startup_stm32g474xx.o [1]
  .text              ro code   0x800'4570     0x4  startup_stm32g474xx.o [1]
  .text              ro code   0x800'4574     0x4  startup_stm32g474xx.o [1]
  .text              ro code   0x800'4578     0x4  startup_stm32g474xx.o [1]
  .text              ro code   0x800'457c     0x4  startup_stm32g474xx.o [1]
  .text              ro code   0x800'4580     0x4  startup_stm32g474xx.o [1]
  .text              ro code   0x800'4584     0x4  startup_stm32g474xx.o [1]
  .text              ro code   0x800'4588     0x4  startup_stm32g474xx.o [1]
  .text              ro code   0x800'458c     0x4  startup_stm32g474xx.o [1]
  .text              ro code   0x800'4590     0x4  startup_stm32g474xx.o [1]
  .text              ro code   0x800'4594     0x4  startup_stm32g474xx.o [1]
  .text              ro code   0x800'4598     0x4  startup_stm32g474xx.o [1]
  .text              ro code   0x800'459c     0x4  startup_stm32g474xx.o [1]
  .text              ro code   0x800'45a0     0x4  startup_stm32g474xx.o [1]
  .text              ro code   0x800'45a4     0x4  startup_stm32g474xx.o [1]
  .text              ro code   0x800'45a8     0x4  startup_stm32g474xx.o [1]
  .text              ro code   0x800'45ac     0x4  startup_stm32g474xx.o [1]
  .text              ro code   0x800'45b0     0x4  startup_stm32g474xx.o [1]
  .text              ro code   0x800'45b4     0x4  startup_stm32g474xx.o [1]
  .text              ro code   0x800'45b8     0x4  startup_stm32g474xx.o [1]
  .text              ro code   0x800'45bc     0x4  startup_stm32g474xx.o [1]
  .text              ro code   0x800'45c0     0x4  startup_stm32g474xx.o [1]
  .text              ro code   0x800'45c4     0x4  startup_stm32g474xx.o [1]
  .text              ro code   0x800'45c8     0x4  startup_stm32g474xx.o [1]
  .text              ro code   0x800'45cc     0x4  startup_stm32g474xx.o [1]
  .text              ro code   0x800'45d0     0x4  startup_stm32g474xx.o [1]
  .text              ro code   0x800'45d4     0x4  startup_stm32g474xx.o [1]
  .text              ro code   0x800'45d8     0x4  startup_stm32g474xx.o [1]
  .text              ro code   0x800'45dc     0x4  startup_stm32g474xx.o [1]
  .text              ro code   0x800'45e0     0x4  startup_stm32g474xx.o [1]
  .text              ro code   0x800'45e4     0x4  startup_stm32g474xx.o [1]
  .text              ro code   0x800'45e8     0x4  startup_stm32g474xx.o [1]
  .text              ro code   0x800'45ec     0x4  startup_stm32g474xx.o [1]
  .text              ro code   0x800'45f0     0x4  startup_stm32g474xx.o [1]
  .text              ro code   0x800'45f4     0x4  startup_stm32g474xx.o [1]
  .text              ro code   0x800'45f8     0x4  startup_stm32g474xx.o [1]
  .text              ro code   0x800'45fc     0x4  startup_stm32g474xx.o [1]
  .text              ro code   0x800'4600     0x4  startup_stm32g474xx.o [1]
  .text              ro code   0x800'4604     0x4  startup_stm32g474xx.o [1]
  .text              ro code   0x800'4608     0x4  startup_stm32g474xx.o [1]
  .text              ro code   0x800'460c     0x4  startup_stm32g474xx.o [1]
  .text              ro code   0x800'4610     0x4  startup_stm32g474xx.o [1]
  .text              ro code   0x800'4614     0x4  startup_stm32g474xx.o [1]
  .text              ro code   0x800'4618     0x4  startup_stm32g474xx.o [1]
  .text              ro code   0x800'461c     0x4  startup_stm32g474xx.o [1]
  .text              ro code   0x800'4620     0x4  startup_stm32g474xx.o [1]
  .text              ro code   0x800'4624     0x4  startup_stm32g474xx.o [1]
  .text              ro code   0x800'4628     0x4  startup_stm32g474xx.o [1]
  .text              ro code   0x800'462c     0x4  startup_stm32g474xx.o [1]
  .text              ro code   0x800'4630     0x4  startup_stm32g474xx.o [1]
  .text              ro code   0x800'4634     0x4  startup_stm32g474xx.o [1]
  .text              ro code   0x800'4638     0x4  startup_stm32g474xx.o [1]
  .text              ro code   0x800'463c     0x4  startup_stm32g474xx.o [1]
  .text              ro code   0x800'4640     0x4  startup_stm32g474xx.o [1]
  .text              ro code   0x800'4644     0x4  startup_stm32g474xx.o [1]
  .text              ro code   0x800'4648     0x4  startup_stm32g474xx.o [1]
  .text              ro code   0x800'464c     0x4  startup_stm32g474xx.o [1]
  .text              ro code   0x800'4650     0x4  startup_stm32g474xx.o [1]
  .text              ro code   0x800'4654     0x4  startup_stm32g474xx.o [1]
  .text              ro code   0x800'4658     0x4  startup_stm32g474xx.o [1]
  .text              ro code   0x800'465c     0x4  startup_stm32g474xx.o [1]
  .text              ro code   0x800'4660     0x4  startup_stm32g474xx.o [1]
  .text              ro code   0x800'4664     0x4  startup_stm32g474xx.o [1]
  .text              ro code   0x800'4668     0x4  startup_stm32g474xx.o [1]
  .text              ro code   0x800'466c     0x4  startup_stm32g474xx.o [1]
  .text              ro code   0x800'4670     0x4  startup_stm32g474xx.o [1]
  .text              ro code   0x800'4674     0x4  startup_stm32g474xx.o [1]
  .text              ro code   0x800'4678     0x4  startup_stm32g474xx.o [1]
  .text              ro code   0x800'467c     0x4  startup_stm32g474xx.o [1]
  .text              ro code   0x800'4680     0x4  startup_stm32g474xx.o [1]
  .text              ro code   0x800'4684     0x4  startup_stm32g474xx.o [1]
  .text              ro code   0x800'4688     0x4  startup_stm32g474xx.o [1]
  .text              ro code   0x800'468c     0x4  startup_stm32g474xx.o [1]
  .text              ro code   0x800'4690     0x4  startup_stm32g474xx.o [1]
  .text              ro code   0x800'4694     0x4  startup_stm32g474xx.o [1]
  .text              ro code   0x800'4698     0x4  startup_stm32g474xx.o [1]
  .text              ro code   0x800'469c     0x4  startup_stm32g474xx.o [1]
  .text              ro code   0x800'46a0     0x4  startup_stm32g474xx.o [1]
  .text              ro code   0x800'46a4     0x4  startup_stm32g474xx.o [1]
  .text              ro code   0x800'46a8     0x4  startup_stm32g474xx.o [1]
  .rodata            const     0x800'46ac     0x0  zero_init3.o [4]
  .rodata            const     0x800'46ac     0x0  lz77_init_single.o [4]
  Initializer bytes  const     0x800'46ac   0x102  <for P2-1>
                             - 0x800'47ae  0x45d6

"P2", part 1 of 3:                          0x7ac
  P2-1                        0x2000'0000   0x7ac  <Init block>
    .data            inited   0x2000'0000     0x8  fonts.o [1]
    .data            inited   0x2000'0008     0x8  fonts.o [1]
    .data            inited   0x2000'0010     0x8  fonts.o [1]
    .data            inited   0x2000'0018   0x700  main.o [1]
    .data            inited   0x2000'0718    0x7c  main.o [1]
    .data            inited   0x2000'0794     0xc  stm32g4xx_hal.o [1]
    .data            inited   0x2000'07a0     0x4  system_stm32g4xx.o [1]
    .data            inited   0x2000'07a4     0x8  rand.o [2]
                            - 0x2000'07ac   0x7ac

"P2", part 2 of 3:                          0x714
  .bss               zero     0x2000'07ac   0x400  ssd1306.o [1]
  .bss               zero     0x2000'0bac   0x1a4  main.o [1]
  .bss               zero     0x2000'0d50    0x8c  main.o [1]
  .bss               zero     0x2000'0ddc    0x84  rand.o [2]
  .bss               zero     0x2000'0e60    0x4c  main.o [1]
  .bss               zero     0x2000'0eac     0xc  main.o [1]
  .bss               zero     0x2000'0eb8     0x8  ssd1306.o [1]
                            - 0x2000'0ec0   0x714

"P2", part 3 of 3:                          0x400
  CSTACK                      0x2000'0ec0   0x400  <Block>
    CSTACK           uninit   0x2000'0ec0   0x400  <Block tail>
                            - 0x2000'12c0   0x400

Unused ranges:

         From           To      Size
         ----           --      ----
   0x800'47ae   0x807'ffff  0x7'b852
  0x2000'12c0  0x2001'ffff  0x1'ed40


*******************************************************************************
*** INIT TABLE
***

          Address      Size
          -------      ----
Zero (__iar_zero_init3)
    1 destination range, total size 0x714:
          0x2000'07ac  0x714

Copy/lz77 (__iar_lz77_init_single3)
    1 source range, total size 0x102 (13% of destination):
           0x800'46ac  0x102
    1 destination range, total size 0x7ac:
          0x2000'0000  0x7ac



*******************************************************************************
*** MODULE SUMMARY
***

    Module                   ro code  ro data  rw data
    ------                   -------  -------  -------
command line/config:
    --------------------------------------------------
    Total:

C:\Users\YJ병점\Downloads\STM32_UART_Interrupt-master\EWARM\UART_Interrupt\Obj: [1]
    fonts.o                             5'355       24
    main.o                     1'964      251    2'564
    ssd1306.o                    940             1'032
    startup_stm32g474xx.o        880
    stm32g4xx_hal.o              166        2       12
    stm32g4xx_hal_cortex.o       200
    stm32g4xx_hal_dma.o          114
    stm32g4xx_hal_gpio.o         470
    stm32g4xx_hal_i2c.o        1'048
    stm32g4xx_hal_i2c_ex.o       126
    stm32g4xx_hal_msp.o          320
    stm32g4xx_hal_pwr_ex.o       176
    stm32g4xx_hal_rcc.o        1'580
    stm32g4xx_hal_rcc_ex.o       652
    stm32g4xx_hal_uart.o       2'668
    stm32g4xx_hal_uart_ex.o      278
    stm32g4xx_it.o                40
    system_stm32g4xx.o            44        8        4
    --------------------------------------------------
    Total:                    11'666    5'616    3'636

dl7M_tlf.a: [2]
    exit.o                         4
    low_level_init.o               4
    rand.o                       164        2      140
    time_trampoline.o              4
    --------------------------------------------------
    Total:                       176        2      140

m7M_tls.a: [3]
    fpinit_M.o                    34
    --------------------------------------------------
    Total:                        34

rt7M_tl.a: [4]
    ABImemclr.o                    6
    ABImemclr4.o                   6
    ABImemcpy_small.o             24
    ABImemset.o                  102
    ABImemset48.o                 58
    I64DivMod_small.o            262
    I64DivZer.o                    2
    cexit.o                       10
    cmain.o                       30
    cstartup_M.o                  28
    data_init.o                   40
    lz77_init_single.o           120
    memset.o                      20
    zero_init3.o                  58
    --------------------------------------------------
    Total:                       766

shb_l.a: [5]
    exit.o                        20
    time.o                        18
    --------------------------------------------------
    Total:                        38

    Gaps                          18        2
    Linker created                         32    1'024
------------------------------------------------------
    Grand Total:              12'698    5'652    4'800


*******************************************************************************
*** ENTRY LIST
***

Entry                       Address   Size  Type      Object
-----                       -------   ----  ----      ------
.iar.init_table$$Base    0x800'4468          --   Gb  - Linker created -
.iar.init_table$$Limit   0x800'4488          --   Gb  - Linker created -
?main                    0x800'44a9         Code  Gb  cmain.o [4]
AHBPrescTable            0x800'43d4   0x10  Data  Gb  system_stm32g4xx.o [1]
APBPrescTable            0x800'451c    0x8  Data  Gb  system_stm32g4xx.o [1]
BlockToGround            0x800'2967   0x66  Code  Gb  main.o [1]
BusFault_Handler         0x800'43eb    0x2  Code  Gb  stm32g4xx_it.o [1]
CSTACK$$Base            0x2000'0ec0          --   Gb  - Linker created -
CSTACK$$Limit           0x2000'12c0          --   Gb  - Linker created -
CheckCrash               0x800'2911   0x56  Code  Gb  main.o [1]
CreateRandomForm         0x800'26ff   0x1a  Code  Gb  main.o [1]
DebugMon_Handler         0x800'43f1    0x2  Code  Gb  stm32g4xx_it.o [1]
DrawBlock                0x800'2899   0x5e  Code  Gb  main.o [1]
DrawMap                  0x800'27c5   0xc6  Code  Gb  main.o [1]
DropBlock                0x800'28f7   0x1a  Code  Gb  main.o [1]
EXTI15_10_IRQHandler     0x800'43f9    0x8  Code  Gb  stm32g4xx_it.o [1]
EndScreen                0x800'2a71   0x8e  Code  Gb  main.o [1]
Error_Handler            0x800'2b45    0x4  Code  Gb  main.o [1]
Font11x18                0x800'01d8  0xd5c  Data  Gb  fonts.o [1]
Font7x10                 0x800'3bd4  0x76c  Data  Gb  fonts.o [1]
Font8x8                  0x800'4488   0x20  Data  Gb  fonts.o [1]
Font_11x18              0x2000'0010    0x8  Data  Gb  fonts.o [1]
Font_7x10               0x2000'0008    0x8  Data  Gb  fonts.o [1]
Font_8x8                0x2000'0000    0x8  Data  Gb  fonts.o [1]
Gameover                 0x800'2a3f   0x30  Code  Gb  main.o [1]
HAL_DMA_Abort_IT         0x800'1ae9   0x72  Code  Gb  stm32g4xx_hal_dma.o [1]
HAL_Delay                0x800'3865   0x28  Code  Wk  stm32g4xx_hal.o [1]
HAL_GPIO_EXTI_IRQHandler
                         0x800'2df1   0x10  Code  Gb  stm32g4xx_hal_gpio.o [1]
HAL_GPIO_Init            0x800'2c51  0x196  Code  Gb  stm32g4xx_hal_gpio.o [1]
HAL_GPIO_WritePin        0x800'2de7    0xa  Code  Gb  stm32g4xx_hal_gpio.o [1]
HAL_GetTick              0x800'1add    0xc  Code  Wk  stm32g4xx_hal.o [1]
HAL_I2CEx_ConfigAnalogFilter
                         0x800'3379   0x2a  Code  Gb  stm32g4xx_hal_i2c_ex.o [1]
HAL_I2CEx_ConfigDigitalFilter
                         0x800'33a3   0x26  Code  Gb  stm32g4xx_hal_i2c_ex.o [1]
HAL_I2C_Init             0x800'2f61   0xa0  Code  Gb  stm32g4xx_hal_i2c.o [1]
HAL_I2C_Mem_Write        0x800'3025   0xae  Code  Gb  stm32g4xx_hal_i2c.o [1]
HAL_I2C_MspInit          0x800'19cb   0x90  Code  Gb  stm32g4xx_hal_msp.o [1]
HAL_IncTick              0x800'440d   0x10  Code  Wk  stm32g4xx_hal.o [1]
HAL_Init                 0x800'2f39   0x1e  Code  Gb  stm32g4xx_hal.o [1]
HAL_InitTick             0x800'2ef1   0x44  Code  Wk  stm32g4xx_hal.o [1]
HAL_MspInit              0x800'199d   0x2e  Code  Gb  stm32g4xx_hal_msp.o [1]
HAL_NVIC_EnableIRQ       0x800'2e99   0x16  Code  Gb  stm32g4xx_hal_cortex.o [1]
HAL_NVIC_SetPriority     0x800'2e5d   0x3a  Code  Gb  stm32g4xx_hal_cortex.o [1]
HAL_NVIC_SetPriorityGrouping
                         0x800'2e43   0x1a  Code  Gb  stm32g4xx_hal_cortex.o [1]
HAL_PWREx_ControlVoltageScaling
                         0x800'2b8d   0x52  Code  Gb  stm32g4xx_hal_pwr_ex.o [1]
HAL_PWREx_DisableUCPDDeadBattery
                         0x800'2c1b    0x2  Code  Gb  stm32g4xx_hal_pwr_ex.o [1]
HAL_RCCEx_PeriphCLKConfig
                         0x800'388d  0x264  Code  Gb  stm32g4xx_hal_rcc_ex.o [1]
HAL_RCC_ClockConfig      0x800'2037  0x196  Code  Gb  stm32g4xx_hal_rcc.o [1]
HAL_RCC_GetPCLK1Freq     0x800'2241   0x10  Code  Gb  stm32g4xx_hal_rcc.o [1]
HAL_RCC_GetPCLK2Freq     0x800'2251    0xe  Code  Gb  stm32g4xx_hal_rcc.o [1]
HAL_RCC_GetSysClockFreq
                         0x800'21e3   0x5e  Code  Gb  stm32g4xx_hal_rcc.o [1]
HAL_RCC_OscConfig        0x800'1c75  0x3a6  Code  Gb  stm32g4xx_hal_rcc.o [1]
HAL_SYSTICK_Config       0x800'2eaf   0x28  Code  Gb  stm32g4xx_hal_cortex.o [1]
HAL_UARTEx_DisableFifoMode
                         0x800'1b5d   0x3c  Code  Gb  stm32g4xx_hal_uart_ex.o [1]
HAL_UARTEx_RxFifoFullCallback
                         0x800'1c73    0x2  Code  Wk  stm32g4xx_hal_uart_ex.o [1]
HAL_UARTEx_SetRxFifoThreshold
                         0x800'1baf   0x14  Code  Gb  stm32g4xx_hal_uart_ex.o [1]
HAL_UARTEx_SetTxFifoThreshold
                         0x800'1b99   0x16  Code  Gb  stm32g4xx_hal_uart_ex.o [1]
HAL_UARTEx_TxFifoEmptyCallback
                         0x800'1c71    0x2  Code  Wk  stm32g4xx_hal_uart_ex.o [1]
HAL_UARTEx_WakeupCallback
                         0x800'1c6d    0x2  Code  Wk  stm32g4xx_hal_uart_ex.o [1]
HAL_UART_IRQHandler      0x800'115d  0x1c8  Code  Gb  stm32g4xx_hal_uart.o [1]
HAL_UART_Init            0x800'0f35   0x30  Code  Gb  stm32g4xx_hal_uart.o [1]
HAL_UART_MspInit         0x800'1a5b   0x6e  Code  Gb  stm32g4xx_hal_msp.o [1]
HAL_UART_Receive_IT      0x800'106d   0xe8  Code  Gb  stm32g4xx_hal_uart.o [1]
HAL_UART_RxCpltCallback
                         0x800'263d   0xc2  Code  Gb  main.o [1]
HAL_UART_Transmit        0x800'0fb5   0xb8  Code  Gb  stm32g4xx_hal_uart.o [1]
HardFault_Handler        0x800'43e7    0x2  Code  Gb  stm32g4xx_it.o [1]
I2C_Flush_TXDR           0x800'31f7   0x1c  Code  Lc  stm32g4xx_hal_i2c.o [1]
I2C_IsAcknowledgeFailed
                         0x800'32dd   0x6c  Code  Lc  stm32g4xx_hal_i2c.o [1]
I2C_RequestMemoryWrite   0x800'3191   0x36  Code  Lc  stm32g4xx_hal_i2c.o [1]
I2C_TransferConfig       0x800'3349   0x22  Code  Lc  stm32g4xx_hal_i2c.o [1]
I2C_WaitOnFlagUntilTimeout
                         0x800'3213   0x42  Code  Lc  stm32g4xx_hal_i2c.o [1]
I2C_WaitOnSTOPFlagUntilTimeout
                         0x800'32a5   0x30  Code  Lc  stm32g4xx_hal_i2c.o [1]
I2C_WaitOnTXISFlagUntilTimeout
                         0x800'3255   0x38  Code  Lc  stm32g4xx_hal_i2c.o [1]
LPUART1_IRQHandler       0x800'4401    0x6  Code  Gb  stm32g4xx_it.o [1]
MemManage_Handler        0x800'43e9    0x2  Code  Gb  stm32g4xx_it.o [1]
NMI_Handler              0x800'43e5    0x2  Code  Gb  stm32g4xx_it.o [1]
PendSV_Handler           0x800'43f3    0x2  Code  Gb  stm32g4xx_it.o [1]
Region$$Table$$Base      0x800'4468          --   Gb  - Linker created -
Region$$Table$$Limit     0x800'4488          --   Gb  - Linker created -
RemoveLine               0x800'29cd   0x72  Code  Gb  main.o [1]
SSD1306                 0x2000'0eb8    0x8  Data  Lc  ssd1306.o [1]
SSD1306_Buffer          0x2000'07ac  0x400  Data  Lc  ssd1306.o [1]
SSD1306_DrawLine         0x800'3747  0x100  Code  Gb  ssd1306.o [1]
SSD1306_DrawPixel        0x800'35f9   0x38  Code  Gb  ssd1306.o [1]
SSD1306_Fill             0x800'35e5   0x14  Code  Gb  ssd1306.o [1]
SSD1306_GotoXY           0x800'3647    0xa  Code  Gb  ssd1306.o [1]
SSD1306_Init             0x800'34df   0xc2  Code  Gb  ssd1306.o [1]
SSD1306_Putc             0x800'3651   0x7c  Code  Gb  ssd1306.o [1]
SSD1306_Screen           0x800'36d3   0x64  Code  Gb  ssd1306.o [1]
SSD1306_UpdateScreen     0x800'35a1   0x40  Code  Gb  ssd1306.o [1]
SSD1306_WRITECOMMAND     0x800'34b9   0x22  Code  Lc  ssd1306.o [1]
SVC_Handler              0x800'43ef    0x2  Code  Gb  stm32g4xx_it.o [1]
StartScreen              0x800'2719   0xa2  Code  Gb  main.o [1]
SysTick_Handler          0x800'43f5    0x4  Code  Gb  stm32g4xx_it.o [1]
SystemClock_Config       0x800'25ab   0x8a  Code  Gb  main.o [1]
SystemCoreClock         0x2000'07a0    0x4  Data  Gb  system_stm32g4xx.o [1]
SystemInit               0x800'43b9   0x14  Code  Gb  system_stm32g4xx.o [1]
UARTEx_SetNbDataToProcess
                         0x800'1c05   0x56  Code  Lc  stm32g4xx_hal_uart_ex.o [1]
UARTPrescTable           0x800'1984   0x18  Data  Gb  stm32g4xx_hal_uart.o [1]
UART_AdvFeatureConfig    0x800'15d1   0xc6  Code  Gb  stm32g4xx_hal_uart.o [1]
UART_CheckIdleState      0x800'1697   0x5a  Code  Gb  stm32g4xx_hal_uart.o [1]
UART_DMAAbortOnError     0x800'179d   0x10  Code  Lc  stm32g4xx_hal_uart.o [1]
UART_EndRxTransfer       0x800'1777   0x20  Code  Lc  stm32g4xx_hal_uart.o [1]
UART_RxISR_16BIT         0x800'17d1   0x24  Code  Lc  stm32g4xx_hal_uart.o [1]
UART_RxISR_16BIT_FIFOEN
                         0x800'1893   0x48  Code  Lc  stm32g4xx_hal_uart.o [1]
UART_RxISR_8BIT          0x800'17ad   0x24  Code  Lc  stm32g4xx_hal_uart.o [1]
UART_RxISR_8BIT_FIFOEN   0x800'183f   0x48  Code  Lc  stm32g4xx_hal_uart.o [1]
UART_SetConfig           0x800'1331  0x290  Code  Gb  stm32g4xx_hal_uart.o [1]
UART_WaitOnFlagUntilTimeout
                         0x800'16f1   0x66  Code  Gb  stm32g4xx_hal_uart.o [1]
USART1_IRQHandler        0x800'2635    0x8  Code  Gb  main.o [1]
UsageFault_Handler       0x800'43ed    0x2  Code  Gb  stm32g4xx_it.o [1]
_Rand_idx               0x2000'0e5c    0x4  Data  Lc  rand.o [2]
_Rand_rv                0x2000'0ddc   0x80  Data  Lc  rand.o [2]
_Randinit               0x2000'07a4    0x1  Data  Gb  rand.o [2]
_Randseed               0x2000'07a8    0x4  Data  Gb  rand.o [2]
__NVIC_SetPriority       0x800'2e29   0x1a  Code  Lc  stm32g4xx_hal_cortex.o [1]
__aeabi_ldiv0            0x800'2f35         Code  Gb  I64DivZer.o [4]
__aeabi_memclr           0x800'3b19         Code  Gb  ABImemclr.o [4]
__aeabi_memclr4          0x800'2f59         Code  Gb  ABImemclr4.o [4]
__aeabi_memset           0x800'3b21         Code  Gb  ABImemset.o [4]
__aeabi_memset4          0x800'3b89         Code  Gb  ABImemset48.o [4]
__aeabi_memset8          0x800'3b89         Code  Gb  ABImemset48.o [4]
__cmain                  0x800'44a9         Code  Gb  cmain.o [4]
__exit                   0x800'44dd   0x14  Code  Gb  exit.o [5]
__iar_Memset             0x800'3b21         Code  Gb  ABImemset.o [4]
__iar_Memset4_word       0x800'3b91         Code  Gb  ABImemset48.o [4]
__iar_Memset8_word       0x800'3b91         Code  Gb  ABImemset48.o [4]
__iar_Memset_word        0x800'3b29         Code  Gb  ABImemset.o [4]
__iar_data_init3         0x800'441d   0x28  Code  Gb  data_init.o [4]
__iar_init_vfp           0x800'4445         Code  Gb  fpinit_M.o [3]
__iar_lz77_init_single3
                         0x800'4341   0x78  Code  Gb  lz77_init_single.o [4]
__iar_program_start      0x800'44f1         Code  Gb  cstartup_M.o [4]
__iar_small_Memcpy       0x800'33fd         Code  Gb  ABImemcpy_small.o [4]
__iar_small_memcpy       0x800'33f9         Code  Gb  ABImemcpy_small.o [4]
__iar_small_memcpy4      0x800'33f9         Code  Gb  ABImemcpy_small.o [4]
__iar_small_memcpy8      0x800'33f9         Code  Gb  ABImemcpy_small.o [4]
__iar_small_uldivmod     0x800'22a1         Code  Gb  I64DivMod_small.o [4]
__iar_zero_init3         0x800'23a7   0x3a  Code  Gb  zero_init3.o [4]
__low_level_init         0x800'44c7    0x4  Code  Gb  low_level_init.o [2]
__time32                 0x800'3bc3   0x12  Code  Gb  time.o [5]
__vector_table           0x800'0000         Data  Gb  startup_stm32g474xx.o [1]
_call_main               0x800'44b5         Code  Gb  cmain.o [4]
_exit                    0x800'44d1         Code  Gb  cexit.o [4]
_main                    0x800'44bf         Code  Gb  cmain.o [4]
block                   0x2000'0018  0x700  Data  Gb  main.o [1]
blockForm               0x2000'071c    0x4  Data  Gb  main.o [1]
blockRotation           0x2000'0720    0x4  Data  Gb  main.o [1]
cnt_target              0x2000'0eb4    0x4  Data  Gb  main.o [1]
count                   0x2000'0724    0x4  Data  Gb  main.o [1]
exit                     0x800'44cb    0x4  Code  Gb  exit.o [2]
flag                    0x2000'0790    0x4  Data  Gb  main.o [1]
hi2c1                   0x2000'0e60   0x4c  Data  Gb  main.o [1]
hlpuart1                0x2000'0d50   0x8c  Data  Gb  main.o [1]
main                     0x800'23e1  0x1ca  Code  Gb  main.o [1]
map                     0x2000'0bac  0x1a4  Data  Gb  main.o [1]
memset                   0x800'2c3d   0x14  Code  Gb  memset.o [4]
rand                     0x800'3415   0x8a  Code  Gb  rand.o [2]
rx_buff                 0x2000'0718    0x1  Data  Gb  main.o [1]
score                   0x2000'078c    0x4  Data  Gb  main.o [1]
srand                    0x800'349f    0xa  Code  Gb  rand.o [2]
time                     0x800'3411    0x4  Code  Gb  time_trampoline.o [2]
tx_buff                 0x2000'0719    0x1  Data  Gb  main.o [1]
uwTick                  0x2000'0794    0x4  Data  Gb  stm32g4xx_hal.o [1]
uwTickFreq              0x2000'079c    0x4  Data  Gb  stm32g4xx_hal.o [1]
uwTickPrio              0x2000'0798    0x4  Data  Gb  stm32g4xx_hal.o [1]
x_nowpos                0x2000'0784    0x4  Data  Gb  main.o [1]
x_pos                   0x2000'0728   0x40  Data  Gb  main.o [1]
x_target                0x2000'0eac    0x4  Data  Gb  main.o [1]
y_nowpos                0x2000'0788    0x4  Data  Gb  main.o [1]
y_pos                   0x2000'0768   0x1c  Data  Gb  main.o [1]
y_target                0x2000'0eb0    0x4  Data  Gb  main.o [1]


[1] = C:\Users\YJ병점\Downloads\STM32_UART_Interrupt-master\EWARM\UART_Interrupt\Obj
[2] = dl7M_tlf.a
[3] = m7M_tls.a
[4] = rt7M_tl.a
[5] = shb_l.a

  12'698 bytes of readonly  code memory
   5'652 bytes of readonly  data memory
   4'800 bytes of readwrite data memory

Errors: none
Warnings: none
